This is a new write.
It will overwrite anything that was here before.
This line was appended.
The original content is still above this.
